Vivado Simulator v2024.1
Copyright 1986-2022 Xilinx, Inc. All Rights Reserved.
Copyright 2022-2024 Advanced Micro Devices, Inc. All Rights Reserved.
Running: D:/Xilinx/Vivado/2024.1/bin/unwrapped/win64.o/xelab.exe --incr --debug typical --relax --mt 2 -L xil_defaultlib -L blk_mem_gen_v8_4_8 -L uvm -L unisims_ver -L unimacro_ver -L secureip -L xpm --snapshot testbench_behav xil_defaultlib.testbench xil_defaultlib.glbl -log elaborate.log 
Using 2 slave threads.
Starting static elaboration
Pass Through NonSizing Optimizer
WARNING: [VRFC 10-2861] module 'mac' does not have a parameter named DATA_W [D:/Youssef/Projects/ai_acc/ai_acc.srcs/sources_1/new/pe.v:63]
WARNING: [VRFC 10-5021] port 'pcpi_wr' is not connected on this instance [D:/Youssef/Projects/picorv32/testbench.v:448]
Completed static elaboration
Starting simulation data flow analysis
WARNING: [XSIM 43-4099] "D:/Youssef/Projects/picorv32/src/taxi_axil_if.sv" Line 11. Module taxi_axil_if_default doesn't have a timescale but at least one module in design has a timescale.
WARNING: [XSIM 43-4099] "D:/Youssef/Projects/picorv32/src/taxi_axil_if.sv" Line 11. Module taxi_axil_if_default doesn't have a timescale but at least one module in design has a timescale.
WARNING: [XSIM 43-4099] "D:/Youssef/Projects/picorv32/src/taxi_axi_if.sv" Line 11. Module taxi_axi_if_default doesn't have a timescale but at least one module in design has a timescale.
WARNING: [XSIM 43-4099] "D:/Youssef/Projects/picorv32/src/taxi_axi_if.sv" Line 11. Module taxi_axi_if_default doesn't have a timescale but at least one module in design has a timescale.
WARNING: [XSIM 43-4099] "D:/Youssef/Projects/ai_acc/ai_acc.srcs/sim_1/new/pe_array.v" Line 1. Module pe_array_default doesn't have a timescale but at least one module in design has a timescale.
WARNING: [XSIM 43-4099] "D:/Youssef/Projects/ai_acc/ai_acc.srcs/sources_1/new/delay_chain.v" Line 1. Module delay_chain_default doesn't have a timescale but at least one module in design has a timescale.
WARNING: [XSIM 43-4099] "D:/Youssef/Projects/ai_acc/ai_acc.srcs/sources_1/new/delay_chain.v" Line 1. Module delay_chain(STAGES=1) doesn't have a timescale but at least one module in design has a timescale.
WARNING: [XSIM 43-4099] "D:/Youssef/Projects/ai_acc/ai_acc.srcs/sources_1/new/delay_chain.v" Line 1. Module delay_chain(STAGES=2) doesn't have a timescale but at least one module in design has a timescale.
WARNING: [XSIM 43-4099] "D:/Youssef/Projects/ai_acc/ai_acc.srcs/sources_1/new/delay_chain.v" Line 1. Module delay_chain(STAGES=3) doesn't have a timescale but at least one module in design has a timescale.
WARNING: [XSIM 43-4099] "D:/Youssef/Projects/ai_acc/ai_acc.srcs/sources_1/new/delay_chain.v" Line 1. Module delay_chain(STAGES=4) doesn't have a timescale but at least one module in design has a timescale.
WARNING: [XSIM 43-4099] "D:/Youssef/Projects/ai_acc/ai_acc.srcs/sources_1/new/delay_chain.v" Line 1. Module delay_chain(STAGES=5) doesn't have a timescale but at least one module in design has a timescale.
WARNING: [XSIM 43-4099] "D:/Youssef/Projects/ai_acc/ai_acc.srcs/sources_1/new/delay_chain.v" Line 1. Module delay_chain(STAGES=6) doesn't have a timescale but at least one module in design has a timescale.
WARNING: [XSIM 43-4099] "D:/Youssef/Projects/ai_acc/ai_acc.srcs/sources_1/new/delay_chain.v" Line 1. Module delay_chain(STAGES=7) doesn't have a timescale but at least one module in design has a timescale.
WARNING: [XSIM 43-4099] "D:/Youssef/Projects/ai_acc/ai_acc.srcs/sources_1/new/delay_chain.v" Line 1. Module delay_chain(STAGES=8) doesn't have a timescale but at least one module in design has a timescale.
WARNING: [XSIM 43-4099] "D:/Youssef/Projects/ai_acc/ai_acc.srcs/sources_1/new/delay_chain.v" Line 1. Module delay_chain(STAGES=9) doesn't have a timescale but at least one module in design has a timescale.
WARNING: [XSIM 43-4099] "D:/Youssef/Projects/ai_acc/ai_acc.srcs/sources_1/new/delay_chain.v" Line 1. Module delay_chain(STAGES=10) doesn't have a timescale but at least one module in design has a timescale.
WARNING: [XSIM 43-4099] "D:/Youssef/Projects/ai_acc/ai_acc.srcs/sources_1/new/delay_chain.v" Line 1. Module delay_chain(STAGES=11) doesn't have a timescale but at least one module in design has a timescale.
WARNING: [XSIM 43-4099] "D:/Youssef/Projects/ai_acc/ai_acc.srcs/sources_1/new/delay_chain.v" Line 1. Module delay_chain(STAGES=12) doesn't have a timescale but at least one module in design has a timescale.
WARNING: [XSIM 43-4099] "D:/Youssef/Projects/ai_acc/ai_acc.srcs/sources_1/new/delay_chain.v" Line 1. Module delay_chain(STAGES=13) doesn't have a timescale but at least one module in design has a timescale.
WARNING: [XSIM 43-4099] "D:/Youssef/Projects/ai_acc/ai_acc.srcs/sources_1/new/delay_chain.v" Line 1. Module delay_chain(STAGES=14) doesn't have a timescale but at least one module in design has a timescale.
WARNING: [XSIM 43-4099] "D:/Youssef/Projects/ai_acc/ai_acc.srcs/sources_1/new/delay_chain.v" Line 1. Module delay_chain(STAGES=15) doesn't have a timescale but at least one module in design has a timescale.
WARNING: [XSIM 43-4099] "D:/Youssef/Projects/ai_acc/ai_acc.srcs/sources_1/new/pe.v" Line 25. Module processing_element doesn't have a timescale but at least one module in design has a timescale.
WARNING: [XSIM 43-4099] "D:/Youssef/Projects/ai_acc/ai_acc.srcs/sources_1/new/mac.v" Line 1. Module mac doesn't have a timescale but at least one module in design has a timescale.
WARNING: [XSIM 43-4099] "D:/Youssef/Projects/ai_acc/ai_acc.srcs/sources_1/new/pe.v" Line 25. Module processing_element doesn't have a timescale but at least one module in design has a timescale.
WARNING: [XSIM 43-4099] "D:/Youssef/Projects/ai_acc/ai_acc.srcs/sources_1/new/mac.v" Line 1. Module mac doesn't have a timescale but at least one module in design has a timescale.
WARNING: [XSIM 43-4099] "D:/Youssef/Projects/ai_acc/ai_acc.srcs/sources_1/new/pe.v" Line 25. Module processing_element doesn't have a timescale but at least one module in design has a timescale.
WARNING: [XSIM 43-4099] "D:/Youssef/Projects/ai_acc/ai_acc.srcs/sources_1/new/mac.v" Line 1. Module mac doesn't have a timescale but at least one module in design has a timescale.
WARNING: [XSIM 43-4099] "D:/Youssef/Projects/ai_acc/ai_acc.srcs/sources_1/new/pe.v" Line 25. Module processing_element doesn't have a timescale but at least one module in design has a timescale.
WARNING: [XSIM 43-4099] "D:/Youssef/Projects/ai_acc/ai_acc.srcs/sources_1/new/mac.v" Line 1. Module mac doesn't have a timescale but at least one module in design has a timescale.
WARNING: [XSIM 43-4099] "D:/Youssef/Projects/ai_acc/ai_acc.srcs/sources_1/new/pe.v" Line 25. Module processing_element doesn't have a timescale but at least one module in design has a timescale.
WARNING: [XSIM 43-4099] "D:/Youssef/Projects/ai_acc/ai_acc.srcs/sources_1/new/mac.v" Line 1. Module mac doesn't have a timescale but at least one module in design has a timescale.
WARNING: [XSIM 43-4099] "D:/Youssef/Projects/ai_acc/ai_acc.srcs/sources_1/new/pe.v" Line 25. Module processing_element doesn't have a timescale but at least one module in design has a timescale.
WARNING: [XSIM 43-4099] "D:/Youssef/Projects/ai_acc/ai_acc.srcs/sources_1/new/mac.v" Line 1. Module mac doesn't have a timescale but at least one module in design has a timescale.
WARNING: [XSIM 43-4099] "D:/Youssef/Projects/ai_acc/ai_acc.srcs/sources_1/new/pe.v" Line 25. Module processing_element doesn't have a timescale but at least one module in design has a timescale.
WARNING: [XSIM 43-4099] "D:/Youssef/Projects/ai_acc/ai_acc.srcs/sources_1/new/mac.v" Line 1. Module mac doesn't have a timescale but at least one module in design has a timescale.
WARNING: [XSIM 43-4099] "D:/Youssef/Projects/ai_acc/ai_acc.srcs/sources_1/new/pe.v" Line 25. Module processing_element doesn't have a timescale but at least one module in design has a timescale.
WARNING: [XSIM 43-4099] "D:/Youssef/Projects/ai_acc/ai_acc.srcs/sources_1/new/mac.v" Line 1. Module mac doesn't have a timescale but at least one module in design has a timescale.
WARNING: [XSIM 43-4099] "D:/Youssef/Projects/ai_acc/ai_acc.srcs/sources_1/new/pe.v" Line 25. Module processing_element doesn't have a timescale but at least one module in design has a timescale.
WARNING: [XSIM 43-4099] "D:/Youssef/Projects/ai_acc/ai_acc.srcs/sources_1/new/mac.v" Line 1. Module mac doesn't have a timescale but at least one module in design has a timescale.
WARNING: [XSIM 43-4099] "D:/Youssef/Projects/ai_acc/ai_acc.srcs/sources_1/new/pe.v" Line 25. Module processing_element doesn't have a timescale but at least one module in design has a timescale.
WARNING: [XSIM 43-4099] "D:/Youssef/Projects/ai_acc/ai_acc.srcs/sources_1/new/mac.v" Line 1. Module mac doesn't have a timescale but at least one module in design has a timescale.
WARNING: [XSIM 43-4099] "D:/Youssef/Projects/ai_acc/ai_acc.srcs/sources_1/new/pe.v" Line 25. Module processing_element doesn't have a timescale but at least one module in design has a timescale.
WARNING: [XSIM 43-4099] "D:/Youssef/Projects/ai_acc/ai_acc.srcs/sources_1/new/mac.v" Line 1. Module mac doesn't have a timescale but at least one module in design has a timescale.
WARNING: [XSIM 43-4099] "D:/Youssef/Projects/ai_acc/ai_acc.srcs/sources_1/new/pe.v" Line 25. Module processing_element doesn't have a timescale but at least one module in design has a timescale.
WARNING: [XSIM 43-4099] "D:/Youssef/Projects/ai_acc/ai_acc.srcs/sources_1/new/mac.v" Line 1. Module mac doesn't have a timescale but at least one module in design has a timescale.
WARNING: [XSIM 43-4099] "D:/Youssef/Projects/ai_acc/ai_acc.srcs/sources_1/new/pe.v" Line 25. Module processing_element doesn't have a timescale but at least one module in design has a timescale.
WARNING: [XSIM 43-4099] "D:/Youssef/Projects/ai_acc/ai_acc.srcs/sources_1/new/mac.v" Line 1. Module mac doesn't have a timescale but at least one module in design has a timescale.
WARNING: [XSIM 43-4099] "D:/Youssef/Projects/ai_acc/ai_acc.srcs/sources_1/new/pe.v" Line 25. Module processing_element doesn't have a timescale but at least one module in design has a timescale.
WARNING: [XSIM 43-4099] "D:/Youssef/Projects/ai_acc/ai_acc.srcs/sources_1/new/mac.v" Line 1. Module mac doesn't have a timescale but at least one module in design has a timescale.
WARNING: [XSIM 43-4099] "D:/Youssef/Projects/ai_acc/ai_acc.srcs/sources_1/new/pe.v" Line 25. Module processing_element doesn't have a timescale but at least one module in design has a timescale.
WARNING: [XSIM 43-4099] "D:/Youssef/Projects/ai_acc/ai_acc.srcs/sources_1/new/mac.v" Line 1. Module mac doesn't have a timescale but at least one module in design has a timescale.
WARNING: [XSIM 43-4099] "D:/Youssef/Projects/ai_acc/ai_acc.srcs/sources_1/new/pe.v" Line 25. Module processing_element doesn't have a timescale but at least one module in design has a timescale.
WARNING: [XSIM 43-4099] "D:/Youssef/Projects/ai_acc/ai_acc.srcs/sources_1/new/mac.v" Line 1. Module mac doesn't have a timescale but at least one module in design has a timescale.
WARNING: [XSIM 43-4099] "D:/Youssef/Projects/ai_acc/ai_acc.srcs/sources_1/new/pe.v" Line 25. Module processing_element doesn't have a timescale but at least one module in design has a timescale.
WARNING: [XSIM 43-4099] "D:/Youssef/Projects/ai_acc/ai_acc.srcs/sources_1/new/mac.v" Line 1. Module mac doesn't have a timescale but at least one module in design has a timescale.
WARNING: [XSIM 43-4099] "D:/Youssef/Projects/ai_acc/ai_acc.srcs/sources_1/new/pe.v" Line 25. Module processing_element doesn't have a timescale but at least one module in design has a timescale.
WARNING: [XSIM 43-4099] "D:/Youssef/Projects/ai_acc/ai_acc.srcs/sources_1/new/mac.v" Line 1. Module mac doesn't have a timescale but at least one module in design has a timescale.
WARNING: [XSIM 43-4099] "D:/Youssef/Projects/ai_acc/ai_acc.srcs/sources_1/new/pe.v" Line 25. Module processing_element doesn't have a timescale but at least one module in design has a timescale.
WARNING: [XSIM 43-4099] "D:/Youssef/Projects/ai_acc/ai_acc.srcs/sources_1/new/mac.v" Line 1. Module mac doesn't have a timescale but at least one module in design has a timescale.
WARNING: [XSIM 43-4099] "D:/Youssef/Projects/ai_acc/ai_acc.srcs/sources_1/new/pe.v" Line 25. Module processing_element doesn't have a timescale but at least one module in design has a timescale.
WARNING: [XSIM 43-4099] "D:/Youssef/Projects/ai_acc/ai_acc.srcs/sources_1/new/mac.v" Line 1. Module mac doesn't have a timescale but at least one module in design has a timescale.
WARNING: [XSIM 43-4099] "D:/Youssef/Projects/ai_acc/ai_acc.srcs/sources_1/new/pe.v" Line 25. Module processing_element doesn't have a timescale but at least one module in design has a timescale.
WARNING: [XSIM 43-4099] "D:/Youssef/Projects/ai_acc/ai_acc.srcs/sources_1/new/mac.v" Line 1. Module mac doesn't have a timescale but at least one module in design has a timescale.
WARNING: [XSIM 43-4099] "D:/Youssef/Projects/ai_acc/ai_acc.srcs/sources_1/new/pe.v" Line 25. Module processing_element doesn't have a timescale but at least one module in design has a timescale.
WARNING: [XSIM 43-4099] "D:/Youssef/Projects/ai_acc/ai_acc.srcs/sources_1/new/mac.v" Line 1. Module mac doesn't have a timescale but at least one module in design has a timescale.
WARNING: [XSIM 43-4099] "D:/Youssef/Projects/ai_acc/ai_acc.srcs/sources_1/new/pe.v" Line 25. Module processing_element doesn't have a timescale but at least one module in design has a timescale.
WARNING: [XSIM 43-4099] "D:/Youssef/Projects/ai_acc/ai_acc.srcs/sources_1/new/mac.v" Line 1. Module mac doesn't have a timescale but at least one module in design has a timescale.
WARNING: [XSIM 43-4099] "D:/Youssef/Projects/ai_acc/ai_acc.srcs/sources_1/new/pe.v" Line 25. Module processing_element doesn't have a timescale but at least one module in design has a timescale.
WARNING: [XSIM 43-4099] "D:/Youssef/Projects/ai_acc/ai_acc.srcs/sources_1/new/mac.v" Line 1. Module mac doesn't have a timescale but at least one module in design has a timescale.
WARNING: [XSIM 43-4099] "D:/Youssef/Projects/ai_acc/ai_acc.srcs/sources_1/new/pe.v" Line 25. Module processing_element doesn't have a timescale but at least one module in design has a timescale.
WARNING: [XSIM 43-4099] "D:/Youssef/Projects/ai_acc/ai_acc.srcs/sources_1/new/mac.v" Line 1. Module mac doesn't have a timescale but at least one module in design has a timescale.
WARNING: [XSIM 43-4099] "D:/Youssef/Projects/ai_acc/ai_acc.srcs/sources_1/new/pe.v" Line 25. Module processing_element doesn't have a timescale but at least one module in design has a timescale.
WARNING: [XSIM 43-4099] "D:/Youssef/Projects/ai_acc/ai_acc.srcs/sources_1/new/mac.v" Line 1. Module mac doesn't have a timescale but at least one module in design has a timescale.
WARNING: [XSIM 43-4099] "D:/Youssef/Projects/ai_acc/ai_acc.srcs/sources_1/new/pe.v" Line 25. Module processing_element doesn't have a timescale but at least one module in design has a timescale.
WARNING: [XSIM 43-4099] "D:/Youssef/Projects/ai_acc/ai_acc.srcs/sources_1/new/mac.v" Line 1. Module mac doesn't have a timescale but at least one module in design has a timescale.
WARNING: [XSIM 43-4099] "D:/Youssef/Projects/ai_acc/ai_acc.srcs/sources_1/new/pe.v" Line 25. Module processing_element doesn't have a timescale but at least one module in design has a timescale.
WARNING: [XSIM 43-4099] "D:/Youssef/Projects/ai_acc/ai_acc.srcs/sources_1/new/mac.v" Line 1. Module mac doesn't have a timescale but at least one module in design has a timescale.
WARNING: [XSIM 43-4099] "D:/Youssef/Projects/ai_acc/ai_acc.srcs/sources_1/new/pe.v" Line 25. Module processing_element doesn't have a timescale but at least one module in design has a timescale.
WARNING: [XSIM 43-4099] "D:/Youssef/Projects/ai_acc/ai_acc.srcs/sources_1/new/mac.v" Line 1. Module mac doesn't have a timescale but at least one module in design has a timescale.
WARNING: [XSIM 43-4099] "D:/Youssef/Projects/ai_acc/ai_acc.srcs/sources_1/new/pe.v" Line 25. Module processing_element doesn't have a timescale but at least one module in design has a timescale.
WARNING: [XSIM 43-4099] "D:/Youssef/Projects/ai_acc/ai_acc.srcs/sources_1/new/mac.v" Line 1. Module mac doesn't have a timescale but at least one module in design has a timescale.
WARNING: [XSIM 43-4099] "D:/Youssef/Projects/ai_acc/ai_acc.srcs/sources_1/new/pe.v" Line 25. Module processing_element doesn't have a timescale but at least one module in design has a timescale.
WARNING: [XSIM 43-4099] "D:/Youssef/Projects/ai_acc/ai_acc.srcs/sources_1/new/mac.v" Line 1. Module mac doesn't have a timescale but at least one module in design has a timescale.
WARNING: [XSIM 43-4099] "D:/Youssef/Projects/ai_acc/ai_acc.srcs/sources_1/new/pe.v" Line 25. Module processing_element doesn't have a timescale but at least one module in design has a timescale.
WARNING: [XSIM 43-4099] "D:/Youssef/Projects/ai_acc/ai_acc.srcs/sources_1/new/mac.v" Line 1. Module mac doesn't have a timescale but at least one module in design has a timescale.
WARNING: [XSIM 43-4099] "D:/Youssef/Projects/ai_acc/ai_acc.srcs/sources_1/new/pe.v" Line 25. Module processing_element doesn't have a timescale but at least one module in design has a timescale.
WARNING: [XSIM 43-4099] "D:/Youssef/Projects/ai_acc/ai_acc.srcs/sources_1/new/mac.v" Line 1. Module mac doesn't have a timescale but at least one module in design has a timescale.
WARNING: [XSIM 43-4099] "D:/Youssef/Projects/ai_acc/ai_acc.srcs/sources_1/new/pe.v" Line 25. Module processing_element doesn't have a timescale but at least one module in design has a timescale.
WARNING: [XSIM 43-4099] "D:/Youssef/Projects/ai_acc/ai_acc.srcs/sources_1/new/mac.v" Line 1. Module mac doesn't have a timescale but at least one module in design has a timescale.
WARNING: [XSIM 43-4099] "D:/Youssef/Projects/ai_acc/ai_acc.srcs/sources_1/new/pe.v" Line 25. Module processing_element doesn't have a timescale but at least one module in design has a timescale.
WARNING: [XSIM 43-4099] "D:/Youssef/Projects/ai_acc/ai_acc.srcs/sources_1/new/mac.v" Line 1. Module mac doesn't have a timescale but at least one module in design has a timescale.
WARNING: [XSIM 43-4099] "D:/Youssef/Projects/ai_acc/ai_acc.srcs/sources_1/new/pe.v" Line 25. Module processing_element doesn't have a timescale but at least one module in design has a timescale.
WARNING: [XSIM 43-4099] "D:/Youssef/Projects/ai_acc/ai_acc.srcs/sources_1/new/mac.v" Line 1. Module mac doesn't have a timescale but at least one module in design has a timescale.
WARNING: [XSIM 43-4099] "D:/Youssef/Projects/ai_acc/ai_acc.srcs/sources_1/new/pe.v" Line 25. Module processing_element doesn't have a timescale but at least one module in design has a timescale.
WARNING: [XSIM 43-4099] "D:/Youssef/Projects/ai_acc/ai_acc.srcs/sources_1/new/mac.v" Line 1. Module mac doesn't have a timescale but at least one module in design has a timescale.
WARNING: [XSIM 43-4099] "D:/Youssef/Projects/ai_acc/ai_acc.srcs/sources_1/new/pe.v" Line 25. Module processing_element doesn't have a timescale but at least one module in design has a timescale.
WARNING: [XSIM 43-4099] "D:/Youssef/Projects/ai_acc/ai_acc.srcs/sources_1/new/mac.v" Line 1. Module mac doesn't have a timescale but at least one module in design has a timescale.
WARNING: [XSIM 43-4099] "D:/Youssef/Projects/ai_acc/ai_acc.srcs/sources_1/new/pe.v" Line 25. Module processing_element doesn't have a timescale but at least one module in design has a timescale.
WARNING: [XSIM 43-4099] "D:/Youssef/Projects/ai_acc/ai_acc.srcs/sources_1/new/mac.v" Line 1. Module mac doesn't have a timescale but at least one module in design has a timescale.
WARNING: [XSIM 43-4099] "D:/Youssef/Projects/ai_acc/ai_acc.srcs/sources_1/new/pe.v" Line 25. Module processing_element doesn't have a timescale but at least one module in design has a timescale.
INFO: [Common 17-14] Message 'XSIM 43-4099' appears 100 times and further instances of the messages will be disabled. Use the Tcl command set_msg_config to change the current settings.
Completed simulation data flow analysis
Time Resolution for simulation is 1ps
Compiling module xil_defaultlib.taxi_axil_if_default
Compiling module xil_defaultlib.taxi_axi_if_default
Compiling module xil_defaultlib.taxi_axil_axi_adapter_wr_default
Compiling module xil_defaultlib.taxi_axil_axi_adapter_rd_default
Compiling module xil_defaultlib.taxi_axil_axi_adapter_default
Compiling module xil_defaultlib.priority_encoder(WIDTH=2,LSB_HIG...
Compiling module xil_defaultlib.arbiter(PORTS=2,ARB_TYPE_ROUND_R...
Compiling module xil_defaultlib.axi_interconnect(S_COUNT=1,STRB_...
Compiling module blk_mem_gen_v8_4_8.blk_mem_gen_v8_4_8_output_stage(...
Compiling module blk_mem_gen_v8_4_8.blk_mem_gen_v8_4_8_softecc_outpu...
Compiling module blk_mem_gen_v8_4_8.blk_mem_gen_v8_4_8_mem_module(C_...
Compiling module blk_mem_gen_v8_4_8.blk_mem_axi_regs_fwd_v8_4(C_DATA...
Compiling module blk_mem_gen_v8_4_8.blk_mem_gen_v8_4_8(C_FAMILY="kin...
Compiling module xil_defaultlib.blk_mem_gen_0
Compiling module xil_defaultlib.delay_chain_default
Compiling module xil_defaultlib.delay_chain(STAGES=1)
Compiling module xil_defaultlib.delay_chain(STAGES=2)
Compiling module xil_defaultlib.delay_chain(STAGES=3)
Compiling module xil_defaultlib.delay_chain(STAGES=4)
Compiling module xil_defaultlib.delay_chain(STAGES=5)
Compiling module xil_defaultlib.delay_chain(STAGES=6)
Compiling module xil_defaultlib.delay_chain(STAGES=7)
Compiling module xil_defaultlib.delay_chain(STAGES=8)
Compiling module xil_defaultlib.delay_chain(STAGES=9)
Compiling module xil_defaultlib.delay_chain(STAGES=10)
Compiling module xil_defaultlib.delay_chain(STAGES=11)
Compiling module xil_defaultlib.delay_chain(STAGES=12)
Compiling module xil_defaultlib.delay_chain(STAGES=13)
Compiling module xil_defaultlib.delay_chain(STAGES=14)
Compiling module xil_defaultlib.delay_chain(STAGES=15)
Compiling module xil_defaultlib.mac
Compiling module xil_defaultlib.processing_element
Compiling module xil_defaultlib.pe_array_default
Compiling module xil_defaultlib.pe_array_controller_default
Compiling module xil_defaultlib.ai_accel_axi
Compiling module xil_defaultlib.axi4_memory
Compiling module xil_defaultlib.picorv32_axi_adapter
Compiling module xil_defaultlib.picorv32_pcpi_mul
Compiling module xil_defaultlib.picorv32_pcpi_div
Compiling module xil_defaultlib.picorv32(ENABLE_COUNTERS=1'b1,EN...
Compiling module xil_defaultlib.picorv32_axi(COMPRESSED_ISA=1'b1...
Compiling module xil_defaultlib.picorv32_wrapper
Compiling module xil_defaultlib.testbench
Compiling module xil_defaultlib.glbl
Built simulation snapshot testbench_behav
